// Jest Snapshot v1, https://goo.gl/fbAQLP

exports[`Paginator should render a controlled progressive paginator 1`] = `
<ResponsiveElement
  responsiveTo="parent"
  small={
    <div
      aria-label="pagination"
      className="paginator progressive"
      role="navigation"
    >
      <div>
        Page
         
        1
         
        of
         
        112
      </div>
      <div>
        <button
          aria-disabled={true}
          aria-label="first"
          className="nav-link is-disabled"
          onClick={[Function]}
          onKeyDown={[Function]}
          tabIndex={null}
          type="button"
        >
          First
        </button>
        <button
          aria-disabled={true}
          aria-label="previous"
          className="nav-link previous is-disabled"
          onClick={[Function]}
          onKeyDown={[Function]}
          tabIndex={null}
          type="button"
        >
          <span
            className="icon"
          />
          Previous
        </button>
        <button
          aria-disabled={false}
          aria-label="next"
          className="nav-link next"
          onClick={[Function]}
          onKeyDown={[Function]}
          tabIndex="0"
          type="button"
        >
          Next
          <span
            className="icon"
          />
        </button>
        <button
          aria-disabled={false}
          aria-label="last"
          className="nav-link"
          onClick={[Function]}
          onKeyDown={[Function]}
          tabIndex="0"
          type="button"
        >
          Last
        </button>
      </div>
    </div>
  }
  tiny={
    <div
      aria-label="pagination"
      className="paginator"
      role="navigation"
    >
      <div>
        <button
          aria-disabled={true}
          aria-label="first"
          className="nav-link is-disabled"
          onClick={[Function]}
          onKeyDown={[Function]}
          tabIndex={null}
          type="button"
        >
          First
        </button>
        <button
          aria-disabled={true}
          aria-label="previous"
          className="nav-link previous icon-only is-disabled"
          onClick={[Function]}
          onKeyDown={[Function]}
          tabIndex={null}
          type="button"
        >
          <span
            className="visually-hidden"
          >
            Previous
          </span>
          <span
            className="icon"
          />
        </button>
      </div>
      <div>
        Page
         
        1
         
        of
         
        112
      </div>
      <div>
        <button
          aria-disabled={false}
          aria-label="next"
          className="nav-link next icon-only"
          onClick={[Function]}
          onKeyDown={[Function]}
          tabIndex="0"
          type="button"
        >
          <span
            className="visually-hidden"
          >
            Next
          </span>
          <span
            className="icon"
          />
        </button>
        <button
          aria-disabled={false}
          aria-label="last"
          className="nav-link"
          onClick={[Function]}
          onKeyDown={[Function]}
          tabIndex="0"
          type="button"
        >
          Last
        </button>
      </div>
    </div>
  }
/>
`;
