// Jest Snapshot v1, https://goo.gl/fbAQLP

exports[`renders a blank banner wrapper 1`] = `
<InjectIntl(DemographicsBannerDisplay)
  applicationContent={null}
  dateOfBirthFullText="Terra.demographicsBanner.dateOfBirthFullText"
  dateOfBirthLabel="Terra.demographicsBanner.dateOfBirth"
  deceasedDate={null}
  deceasedDateLabel="Terra.demographicsBanner.deceased"
  gestationalAge={null}
  gestationalAgeFullText="Terra.demographicsBanner.gestationalAgeFullText"
  gestationalAgeLabel="Terra.demographicsBanner.gestationalAge"
  identifiers={Object {}}
  isConfidential={false}
  isSelectable={false}
  photo={null}
  postMenstrualAge={null}
  postMenstrualAgeFullText="Terra.demographicsBanner.postMenstrualAgeFullText"
  postMenstrualAgeLabel="Terra.demographicsBanner.postMenstrualAge"
  preferredFirstName={null}
/>
`;

exports[`renders the banner wrapper with all props 1`] = `
<InjectIntl(DemographicsBannerDisplay)
  age="25 Years"
  applicationContent={
    <span
      className="risk-score"
    >
      5%
    </span>
  }
  avatar={
    Object {
      "alt": "Johnathon Doe",
      "color": "neutral",
      "hashValue": "alternative hash",
      "image": "",
      "initials": "JD",
      "isAriaHidden": true,
    }
  }
  dateOfBirth="May 9, 1993"
  dateOfBirthFullText="Terra.demographicsBanner.dateOfBirthFullText"
  dateOfBirthLabel="Terra.demographicsBanner.dateOfBirth"
  deceasedDate={null}
  deceasedDateLabel="Terra.demographicsBanner.deceased"
  gender="Male"
  gestationalAge="April 5, 2016"
  gestationalAgeFullText="Terra.demographicsBanner.gestationalAgeFullText"
  gestationalAgeLabel="Terra.demographicsBanner.gestationalAge"
  identifiers={
    Object {
      "MRN": 12343,
      "REA": "3JSDA",
    }
  }
  isConfidential={true}
  isSelectable={false}
  personName="Johnathon Doe"
  photo=""
  postMenstrualAge="April 7, 2016"
  postMenstrualAgeFullText="Terra.demographicsBanner.postMenstrualAgeFullText"
  postMenstrualAgeLabel="Terra.demographicsBanner.postMenstrualAge"
  preferredFirstName="John"
/>
`;
